[debug] [2026-10-08T12:59:43.890Z] ----------------------------------------------------------------------
[debug] [2026-10-08T12:59:43.899Z] Command:       C:\Program Files\nodejs\node.exe C:\Users\solid\AppData\Roaming\npm\node_modules\firebase-tools\lib\bin\firebase.js init hosting
[debug] [2026-10-08T12:59:43.900Z] CLI Version:   15.30.1
[debug] [2026-10-08T12:59:43.901Z] Platform:      win32
[debug] [2026-10-08T12:59:43.901Z] Node Version:  v24.14.1
[debug] [2026-10-08T12:59:43.902Z] Detected Agent: unknown
[debug] [2026-10-08T12:59:43.902Z] Time:          Thu Oct 08 2026 18:29:43 GMT+0530 (India Standard Time)
[debug] [2026-10-08T12:59:43.903Z] ----------------------------------------------------------------------
[debug] 
[debug] [2026-10-08T12:59:43.961Z] >>> [apiv2][query] GET https://firebase-public.firebaseio.com/cli.json [none]
[info] 
     ######## #### ########  ######## ########     ###     ######  ########
     ##        ##  ##     ## ##       ##     ##  ##   ##  ##       ##
     ######    ##  ########  ######   ########  #########  ######  ######
     ##        ##  ##    ##  ##       ##     ## ##     ##       ## ##
     ##       #### ##     ## ######## ########  ##     ##  ######  ########

You're about to initialize a Firebase project in this directory:

  C:\Users\solid\Downloads\ak-interior---premium-wall-panels-&-architectural-finishing

[debug] [2026-10-08T13:00:44.738Z] <<< [apiv2][status] GET https://firebase-public.firebaseio.com/cli.json 200
[debug] [2026-10-08T13:00:44.739Z] <<< [apiv2][body] GET https://firebase-public.firebaseio.com/cli.json {"cloudBuildErrorAfter":1594252800000,"cloudBuildWarnAfter":1590019200000,"defaultNode10After":1594252800000,"minVersion":"3.0.5","node8DeploysDisabledAfter":1613390400000,"node8RuntimeDisabledAfter":1615809600000,"node8WarnAfter":1600128000000}
[info] 
=== Project Setup
[info] 
[info] First, let's associate this project directory with a Firebase project.
[info] You can create multiple project aliases by running firebase use --add, 
[info] 
[debug] [2026-10-08T13:02:16.981Z] ExitPromptError: User force closed the prompt with SIGINT
    at Interface.sigint (C:\Users\solid\AppData\Roaming\npm\node_modules\firebase-tools\node_modules\@inquirer\core\dist\commonjs\lib\create-prompt.js:101:37)
    at Interface.emit (node:events:508:28)
    at [_ttyWrite] [as _ttyWrite] (node:internal/readline/interface:1327:18)
    at ReadStream.onkeypress (node:internal/readline/interface:284:20)
    at ReadStream.emit (node:events:520:35)
    at emitKeys (node:internal/readline/utils:371:14)
    at emitKeys.next (<anonymous>)
    at ReadStream.onData (node:internal/readline/emitKeypressEvents:64:36)
    at ReadStream.emit (node:events:508:28)
    at addChunk (node:internal/streams/readable:563:12)
[error] 
[error] Error: An unexpected error has occurred.
